00:00 +0: loading E:/Project-1-app/test/widget_test.dart
00:00 +0: Lucky King app basic build test
══╡ EXCEPTION CAUGHT BY RENDERING LIBRARY ╞═════════════════════════════════════════════════════════
The following assertion was thrown during layout:
A RenderFlex overflowed by 23 pixels on the bottom.

The relevant error-causing widget was:
  Column Column:file:///E:/Project-1-app/lib/src/features/lobby/widgets/featured_banner.dart:33:16

The overflowing RenderFlex has an orientation of Axis.vertical.
The edge of the RenderFlex that is overflowing has been marked in the rendering with a yellow and
black striped pattern. This is usually caused by the contents being too big for the RenderFlex.
Consider applying a flex factor (e.g. using an Expanded widget) to force the children of the
RenderFlex to fit within the available space instead of being sized to their natural size.
This is considered an error condition because it indicates that there is content that cannot be
seen. If the content is legitimately bigger than the available space, consider clipping it with a
ClipRect widget before putting it in the flex, or using a scrollable container rather than a Flex,
like a ListView.
The specific RenderFlex in question is: RenderFlex#a6c2e relayoutBoundary=up17 OVERFLOWING:
  creator: Column ← Padding ← DecoratedBox ← Container ← Padding ← DecoratedBox ← ConstrainedBox ←
    Padding ← Container ← FeaturedBanner ← Column ← _SingleChildViewport ← ⋯
  parentData: offset=Offset(20.0, 20.0) (can use size)
  constraints: BoxConstraints(0.0<=w<=728.0, h=160.0)
  size: Size(728.0, 160.0)
  direction: vertical
  mainAxisAlignment: end
  mainAxisSize: max
  crossAxisAlignment: start
  textDirection: ltr
  verticalDirection: down
  spacing: 0.0
◢◤◢◤◢◤◢◤◢◤◢◤◢◤◢◤◢◤◢◤◢◤◢◤◢◤◢◤◢◤◢◤◢◤◢◤◢◤◢◤◢◤◢◤◢◤◢◤◢◤◢◤◢◤◢◤◢◤◢◤◢◤◢◤◢◤◢◤◢◤◢◤◢◤◢◤◢◤◢◤◢◤◢◤◢◤◢◤◢◤◢◤◢◤◢◤◢◤◢◤
════════════════════════════════════════════════════════════════════════════════════════════════════
00:00 +0 -1: Lucky King app basic build test [E]
  Test failed. See exception logs above.
  The test description was: Lucky King app basic build test
  
00:00 +0 -1: Some tests failed.
